word,frequency
andhra,52
upheaping,50
arctosis,49
bellwort,47
emasculatory,46
fission,46
microsmatism,45
mouthier,45
glaucophane,44
overcurrency,44
polynucleotide,44
caecias,43
culm,43
opaion,43
hydrophore,42
plackless,42
pupations,42
resuming,42
samizdat,42
arctitude,41
heavenlike,41
inflexionless,41
puzzledom,41
remittable,41
sartoriad,41
ailuroidea,40
befleaed,40
irradicated,40
supermodestly,40
thenne,40
tyking,40
uncomputable,40
wappato,40
autopolo,39
cementing,39
doublehorned,39
embrocation,39
frontward,39
melodyless,39
nonlegato,39
ouze,39
practicalist,39
sulphitation,39
universalise,39
unmilted,39
cornein,38
indeterminately,38
interally,38
metallification,38
minever,38
sweetening,38
unchecked,38
aulophyte,37
carpogam,37
craterid,37
demyelinate,37
dreamery,37
primevarous,37
sewable,37
sovietic,37
splenculi,37
spuriae,37
tentering,37
amin,36
antiskeptic,36
assessably,36
autopsychorhythmia,36
carpetbag,36
cujam,36
cytologies,36
danielic,36
excur,36
galaxiidae,36
inconveniences,36
orbitude,36
overimpressibility,36
planarian,36
proprofit,36
ternaries,36
yauds,36
brahmin,35
cerias,35
certificatory,35
counterdifficulty,35
dietary,35
dovekie,35
economy,35
floristry,35
frontignan,35
godforsaken,35
heptadic,35
impalement,35
lithofracteur,35
mechitaristican,35
numinous,35
pinchedly,35
riot,35
scraggy,35
slungbodies,35
spelunker,35
audiology,34
coudee,34
cystamine,34
dafla,34
foldage,34
harperess,34
hunched,34
kidnappee,34
maleruption,34
misdescribing,34
montgolfiers,34
nondemise,34
osteoderm,34
overstay,34
ovispermary,34
postnatus,34
progestational,34
quadriceps,34
quinquagenaries,34
relumines,34
spleniti,34
unbuoyant,34
ungladdened,34
advent,33
annulosa,33
anthozoa,33
apostrophizing,33
bloodflower,33
deltahedron,33
diallagoid,33
gaffers,33
humphrey,33
multiaxially,33
narcotina,33
origanums,33
osi,33
pathetize,33
reavoidance,33
stog,33
surfeitedness,33
tagboard,33
unintermediateness,33
ureterorrhagia,33
antiwaste,32
blunged,32
cubitale,32
devolatilized,32
elatinaceae,32
electrotype,32
excambion,32
gimcrack,32
hartin,32
lamista,32
observers,32
sriram,32
stoccatas,32
sulfas,32
underclub,32
unpetrifying,32
barratrous,31
cervicobasilar,31
duplicator,31
epipolic,31
exuvium,31
fatalistic,31
kinipetu,31
molengraaffite,31
periscopal,31
polyglottally,31
prosification,31
ridge,31
ruthfully,31
salutational,31
seemlier,31
specifications,31
transuding,31
unconceitedly,31
affectioned,30
barbecue,30
colubriform,30
csch,30
dairies,30
digoneutic,30
epiphylline,30
galictis,30
homoiothermic,30
larkers,30
misrecognition,30
mistresses,30
shammas,30
spacemen,30
staphylematoma,30
tahr,30
thyroiodin,30
wakizashi,30
annalist,29
buffability,29
gastrogastrotomy,29
infirmaress,29
loaminess,29
spottedness,29
ungivingness,29
welled,29
aeronautic,28
cleanskins,28
humble,28
intollerably,28
niggerweed,28
proselytes,28
sulphostannide,28
zygophyceous,28
dashiest,27
leadhillite,27
nontrump,27
odontostomous,27
shebar,27
washdown,27
alem,26
benzofuran,26
carling,26
colonizability,26
duramatral,26
endothermism,26
hagdin,26
nondiagnosis,26
overnegligentness,26
planosarcina,26
reradiates,26
virological,26
craquelures,25
defensively,25
oscin,25
planirostal,25
ronions,25
seeking,25
woolpress,25
cyathiform,24
gunlock,24
molters,24
stableward,24
connie,23
numerics,22
platitudinizing,22
slowcoach,22
inspirational,21
polypseudonymous,21
sharker,21
collations,20
demultiplexer,20
gloomfully,18
